Cloning into 'python-for-android'...
[0m[1;31m# `android.archs` not detected, instead `android.arch` is present.[0m
[0m[1;31m# `android.arch` will be removed and ignored in future.[0m
[0m[1;31m# If you're seeing this error, please migrate to `android.archs`.[0m
[0m[1;34m# Ensure build layout[0m
[0m[1;30m# Create directory /home/runner/.buildozer[0m
[0m[1;30m# Create directory /home/runner/.buildozer/cache[0m
[0m[1;30m# Create directory /home/runner/work/mobile-swamp/mobile-swamp/.buildozer[0m
[0m[1;30m# Create directory /home/runner/work/mobile-swamp/mobile-swamp/bin[0m
[0m[1;30m# Create directory /home/runner/work/mobile-swamp/mobile-swamp/.buildozer/applibs[0m
[0m[1;30m# Create directory /home/runner/.buildozer/android/platform/android/platform[0m
[0m[1;30m# Create directory /home/runner/work/mobile-swamp/mobile-swamp/.buildozer/android/platform[0m
[0m[1;30m# Create directory /home/runner/work/mobile-swamp/mobile-swamp/.buildozer/android/app[0m
[0m[1;34m# Check configuration tokens[0m
[0m[1;34m# Preparing build[0m
[0m[1;34m# Check requirements for android[0m
[0m[1;30m# Search for Git (git)[0m
[0m[1;30m#  -> found at /usr/bin/git[0m
[0m[1;30m# Search for Cython (cython)[0m
[0m[1;30m#  -> found at /opt/hostedtoolcache/Python/3.11.15/x64/bin/cython[0m
[0m[1;30m# Search for Java compiler (javac)[0m
[0m[1;30m#  -> found at /usr/lib/jvm/temurin-11-jdk-amd64/bin/javac[0m
[0m[1;30m# Search for Java keytool (keytool)[0m
[0m[1;30m#  -> found at /usr/lib/jvm/temurin-11-jdk-amd64/bin/keytool[0m
[0m[1;34m# Install platform[0m
[0m[1;30m# Run 'git clone -b master --single-branch https://github.com/kivy/python-for-android.git python-for-android' ...[0m
[0m[1;30m# Cwd /home/runner/work/mobile-swamp/mobile-swamp/.buildozer/android/platform[0m
[0m[1;30m# Run '/opt/hostedtoolcache/Python/3.11.15/x64/bin/python -m pip install -q --user appdirs colorama>=0.3.3 jinja2 sh>=2, <3.0; sys_platform!="win32" meson ninja build toml packaging setuptools wheel~=0.43.0' ...[0m
[0m[1;30m# Cwd None[0m
[0m[1;34m# Android ANT is missing, downloading[0m
[0m[1;30m# Downloading https://archive.apache.org/dist/ant/binaries/apache-ant-1.9.4-bin.tar.gz[0m
[0m[1;30m# Extracting apache-ant-1.9.4-bin.tar.gz to /home/runner/.buildozer/android/platform/apache-ant-1.9.4[0m
[0m[1;34m# Apache ANT installation done.[0m
[0m[1;34m# Android SDK found at /usr/local/lib/android/sdk[0m
[0m[1;34m# Android NDK found at /usr/local/lib/android/sdk/ndk/27.3.13750724[0m
[0m[1;34m# Recommended android's NDK version by p4a is: 28c[0m
[0m[1;34m# Installing/updating SDK platform tools if necessary[0m
[0m[1;31m# sdkmanager path "/usr/local/lib/android/sdk/tools/bin/sdkmanager" does not exist, sdkmanager is not installed[0m
